// Jest Snapshot v1, https://goo.gl/fbAQLP

exports[`Availabilit renders correctly 1`] = `
<View
  style={
    Object {
      "alignItems": "center",
      "display": "flex",
      "flexDirection": "row",
      "justifyContent": "flex-start",
    }
  }
>
  <View
    style={
      Array [
        Object {
          "borderRadius": 50,
          "height": 20,
          "marginRight": 4,
          "width": 20,
        },
        Object {
          "backgroundColor": "#00594C",
        },
      ]
    }
  />
  <Text>
    instock
  </Text>
</View>
`;
