// Jest Snapshot v1, https://goo.gl/fbAQLP

exports[`<Availability /> renders correctly 1`] = `
<View
  style={
    Object {
      "alignItems": "center",
      "color": "#FFFFFF",
      "display": "flex",
      "flexDirection": "row",
      "justifyContent": "flex-start",
    }
  }
>
  <Text
    style={
      Array [
        Object {
          "borderRadius": 5,
          "color": "#FFFFFF",
          "overflow": "hidden",
          "paddingHorizontal": 4,
          "paddingVertical": 2,
        },
        Object {
          "backgroundColor": "#00594C",
        },
      ]
    }
  >
    In Stock
  </Text>
</View>
`;
